2025-05-07 13:33:24,077 - gmail_auto_response - INFO - Starting auto-response check at 2025-05-07 13:33:24.077186
2025-05-07 13:33:24,081 - gmail_auto_response - ERROR - Missing Google API credentials in environment variables
2025-05-07 13:33:24,081 - gmail_auto_response - ERROR - Could not obtain access token. Exiting.
2025-05-07 13:33:55,034 - gmail_auto_response - INFO - Starting auto-response check at 2025-05-07 13:33:55.034405
2025-05-07 13:33:55,035 - gmail_auto_response - INFO - Refreshing access token
2025-05-07 13:33:55,044 - gmail_auto_response - ERROR - Exception in call_mcp_tool(gmail_refresh_token): [Errno 2] No such file or directory: 'cascade'
2025-05-07 13:33:55,044 - gmail_auto_response - ERROR - Failed to refresh token
2025-05-07 13:33:55,044 - gmail_auto_response - ERROR - Could not obtain access token. Exiting.
2025-05-07 13:40:00,758 - gmail_auto_response - INFO - Starting auto-response check at 2025-05-07 13:40:00.757955
2025-05-07 13:40:00,774 - gmail_auto_response - ERROR - Missing Google API credentials in environment variables
2025-05-07 13:40:00,774 - gmail_auto_response - ERROR - Could not obtain access token. Exiting.
2025-05-07 13:50:00,681 - gmail_auto_response - INFO - Starting auto-response check at 2025-05-07 13:50:00.681073
2025-05-07 13:50:00,684 - gmail_auto_response - ERROR - Missing Google API credentials in environment variables
2025-05-07 13:50:00,684 - gmail_auto_response - ERROR - Could not obtain access token. Exiting.
2025-05-07 14:00:00,574 - gmail_auto_response - INFO - Starting auto-response check at 2025-05-07 14:00:00.573985
2025-05-07 14:00:00,578 - gmail_auto_response - ERROR - Missing Google API credentials in environment variables
2025-05-07 14:00:00,578 - gmail_auto_response - ERROR - Could not obtain access token. Exiting.
2025-05-07 14:10:00,418 - gmail_auto_response - INFO - Starting auto-response check at 2025-05-07 14:10:00.418644
2025-05-07 14:10:00,423 - gmail_auto_response - ERROR - Missing Google API credentials in environment variables
2025-05-07 14:10:00,424 - gmail_auto_response - ERROR - Could not obtain access token. Exiting.
2025-05-07 14:20:00,306 - gmail_auto_response - INFO - Starting auto-response check at 2025-05-07 14:20:00.306037
2025-05-07 14:20:00,310 - gmail_auto_response - ERROR - Missing Google API credentials in environment variables
2025-05-07 14:20:00,310 - gmail_auto_response - ERROR - Could not obtain access token. Exiting.
2025-05-07 14:30:00,366 - gmail_auto_response - INFO - Starting auto-response check at 2025-05-07 14:30:00.366394
2025-05-07 14:30:00,371 - gmail_auto_response - ERROR - Missing Google API credentials in environment variables
2025-05-07 14:30:00,372 - gmail_auto_response - ERROR - Could not obtain access token. Exiting.
2025-05-07 14:40:00,321 - gmail_auto_response - INFO - Starting auto-response check at 2025-05-07 14:40:00.321491
2025-05-07 14:40:00,326 - gmail_auto_response - ERROR - Missing Google API credentials in environment variables
2025-05-07 14:40:00,326 - gmail_auto_response - ERROR - Could not obtain access token. Exiting.
2025-05-07 14:50:01,186 - gmail_auto_response - INFO - Starting auto-response check at 2025-05-07 14:50:01.186355
2025-05-07 14:50:01,189 - gmail_auto_response - ERROR - Missing Google API credentials in environment variables
2025-05-07 14:50:01,189 - gmail_auto_response - ERROR - Could not obtain access token. Exiting.
2025-05-07 15:00:01,140 - gmail_auto_response - INFO - Starting auto-response check at 2025-05-07 15:00:01.140692
2025-05-07 15:00:01,147 - gmail_auto_response - ERROR - Missing Google API credentials in environment variables
2025-05-07 15:00:01,147 - gmail_auto_response - ERROR - Could not obtain access token. Exiting.
2025-05-07 15:10:00,384 - gmail_auto_response - INFO - Starting auto-response check at 2025-05-07 15:10:00.384465
2025-05-07 15:10:00,392 - gmail_auto_response - ERROR - Missing Google API credentials in environment variables
2025-05-07 15:10:00,392 - gmail_auto_response - ERROR - Could not obtain access token. Exiting.
2025-05-07 15:20:00,382 - gmail_auto_response - INFO - Starting auto-response check at 2025-05-07 15:20:00.382413
2025-05-07 15:20:00,388 - gmail_auto_response - ERROR - Missing Google API credentials in environment variables
2025-05-07 15:20:00,388 - gmail_auto_response - ERROR - Could not obtain access token. Exiting.
2025-05-07 15:30:00,441 - gmail_auto_response - INFO - Starting auto-response check at 2025-05-07 15:30:00.441809
2025-05-07 15:30:00,444 - gmail_auto_response - ERROR - Missing Google API credentials in environment variables
2025-05-07 15:30:00,444 - gmail_auto_response - ERROR - Could not obtain access token. Exiting.
2025-05-07 15:40:01,119 - gmail_auto_response - INFO - Starting auto-response check at 2025-05-07 15:40:01.119304
2025-05-07 15:40:01,132 - gmail_auto_response - ERROR - Missing Google API credentials in environment variables
2025-05-07 15:40:01,132 - gmail_auto_response - ERROR - Could not obtain access token. Exiting.
2025-05-07 15:50:00,983 - gmail_auto_response - INFO - Starting auto-response check at 2025-05-07 15:50:00.983043
2025-05-07 15:50:00,988 - gmail_auto_response - ERROR - Missing Google API credentials in environment variables
2025-05-07 15:50:00,988 - gmail_auto_response - ERROR - Could not obtain access token. Exiting.
2025-05-07 16:00:00,885 - gmail_auto_response - INFO - Starting auto-response check at 2025-05-07 16:00:00.885430
2025-05-07 16:00:00,888 - gmail_auto_response - ERROR - Missing Google API credentials in environment variables
2025-05-07 16:00:00,888 - gmail_auto_response - ERROR - Could not obtain access token. Exiting.
